2026-07-05 21:19:21 | INFO | Starting collection for get_ai_news
2026-07-05 21:19:30 | INFO | Starting collection for get_models
2026-07-05 21:19:42 | INFO | Starting collection for get_reddit
2026-07-05 21:19:45 | INFO | Starting collection for get_trending
2026-07-05 21:19:46 | INFO | Starting collection for get_cyber
2026-07-05 21:36:37 | INFO | Starting collection for get_ai_news
2026-07-05 21:36:46 | INFO | get_ai_news completed successfully (25 items)
2026-07-05 21:36:46 | INFO | Starting collection for get_models
2026-07-05 21:36:55 | INFO | get_models completed successfully (473 items)
2026-07-05 21:36:55 | INFO | Starting collection for get_reddit
2026-07-05 21:36:58 | INFO | get_reddit completed successfully (5 items)
2026-07-05 21:36:58 | INFO | Starting collection for get_trending
2026-07-05 21:37:00 | INFO | get_trending completed successfully (10 items)
2026-07-05 21:37:00 | INFO | Starting collection for get_cyber
2026-07-05 21:37:01 | INFO | get_cyber completed successfully (5 items)
2026-07-05 21:37:01 | INFO | Starting collection for get_arxiv
2026-07-05 21:37:02 | INFO | get_arxiv completed successfully (0 items)
2026-07-05 21:37:02 | INFO | Total items collected: 518
2026-07-05 21:44:40 | INFO | get_ai_news: 25 items
2026-07-05 21:44:52 | INFO | get_models: 473 items
2026-07-05 21:44:55 | INFO | get_reddit: 5 items
2026-07-05 21:44:57 | INFO | get_trending: 10 items
2026-07-05 21:44:57 | INFO | get_cyber: 5 items
2026-07-05 21:44:58 | INFO | get_arxiv: 0 items
